// Jest Snapshot v1, https://goo.gl/fbAQLP

exports[`Snapshot Test: 1`] = `
<body>
  <div>
    <h1>
      Hello World
    </h1>
  </div>
</body>
`;
